// Jest Snapshot v1, https://goo.gl/fbAQLP

exports[`test of main title check heading text 1`] = `"todos"`;
